<p class="xh_fail">ERROR: could not save event data.</p>
<form method="post" action="?&admin=plugin_main&action=create&event_id=111" class="calendar_input">
  <div>
    <label>
      Start Date      <input type="date" class="calendar_input_date" maxlength="10" name="datestart" value="2023-01-04">
    </label>
    <label>
      Time      <input type="time" class="calendar_input_time" maxlength="5" name="starttime" value="12:00">
    </label>
    <label>
      End Date      <input type="date" class="calendar_input_date" maxlength="10" name="dateend" value="2023-01-04">
    </label>
    <label>
      Time      <input type="time" class="calendar_input_time" maxlength="5" name="endtime" value="13:00">
    </label>
    <label>
      Summary      <input class="calendar_input_event" type="text" name="event" value="Lunch break" required>
    </label>
    <label>
      Location      <input type="text" class="calendar_input_event" name="location" value="whereever I am">
    </label>
    <label>
      Link      <input type="text" class="calendar_input_event" name="linkadr" value="http://example.com/lunchbreak">
    </label>
    <label>
      Link text      <input type="text" class="calendar_input_event" name="linktxt" value="Tips for lunch breaks">
    </label>
  </div>
  <p>
    <button>Save</button>
  </p>
  </form>
