
<script type="module" src="./js/overview.min.js"></script>
<form method="get" class="calendar_overview">
  <input type="hidden" name="selected" value="calendar">
  <input type="hidden" name="admin" value="plugin_main">
  <p>
    <button name="action" value="create">New</button>
    <button name="action" value="update">Edit</button>
    <button name="action" value="delete">Delete</button>
  </p>
  <table>
  </table>
</form>
