
<form method="post" action="/?&amp;admin=plugin_main&amp;action=create" class="calendar_input">
  <div>
    <label>
      Start Date      <input type="date" class="calendar_input_date" maxlength="10" name="datestart" value="2023-01-30">
    </label>
    <label>
      Time      <input type="time" class="calendar_input_time" maxlength="5" name="starttime" value="00:00">
    </label>
    <label>
      End Date      <input type="date" class="calendar_input_date" maxlength="10" name="dateend" value="2023-01-30">
    </label>
    <label>
      Time      <input type="time" class="calendar_input_time" maxlength="5" name="endtime" value="23:59">
    </label>
    <label>
      Summary      <input class="calendar_input_event" type="text" name="event" value="Summary" required>
    </label>
    <label>
      Location      <input type="text" class="calendar_input_event" name="location" value="">
    </label>
    <label>
      Link      <input type="text" class="calendar_input_event" name="linkadr" value="">
    </label>
    <label>
      Link text      <input type="text" class="calendar_input_event" name="linktxt" value="">
    </label>
  </div>
  <p>
    <button>Save</button>
  </p>
  <input type="hidden" name="calendar_token" value="42881056d048537da0e061f7f672854b">
</form>
