
<table class="calendar_eventlist">
  <caption class="period_of_events">Events in the period from <span></span> till <span></span></caption>
</table>
