04.03.2025,04.03.2025,13:00;Lunch Break;here;http://example.com/;12:00