
<div class="calendar_import">
  <h1>Calendar â€“ Import</h1>
  <form action="/?&calendar&admin=import&action=import" method="POST">
    <button name="calendar_ics" value="cal1.ics">Import cal1.ics</button>
    <button name="calendar_ics" value="cal2.ics">Import cal2.ics</button>
  </form>
</div>
