
<div class="nextevent_date">
  3/24/2022</div>
<div class="calendar_marquee_outer">
  <div class="calendar_marquee">
    <div class="nextevent_event">cmb</div>
    <div class="nextevent_date">52 years</div>
    <div class="nextevent_location">Birthday</div>
  </div>
</div>
