<div class="calendar_calendar">
<script type="module" src="/js/calendar.js?&v=2.7-dev"></script>
<table class="calendar_main" role="presentation">
  <caption class="calendar_monthyear">
    <a href="/?page&amp;month=12&amp;year=2022" aria-labelledby="calendar_id_5">
      <span>◄</span>
      <span role="tooltip" id="calendar_id_5">Previous month</span>
    </a>
    <span>January 2023</span>
    <a href="/?page&amp;month=2&amp;year=2023" aria-labelledby="calendar_id_6">
      <span>►</span>
      <span role="tooltip" id="calendar_id_6">Next month</span>
    </a>
  </caption>
  <tr>
    <th class="calendar_daynames calendar_day" scope="col">
      <abbr title="Monday">Mo</abbr>
    </th>
    <th class="calendar_daynames calendar_day" scope="col">
      <abbr title="Tuesday">Tu</abbr>
    </th>
    <th class="calendar_daynames calendar_day" scope="col">
      <abbr title="Wednesday">We</abbr>
    </th>
    <th class="calendar_daynames calendar_day" scope="col">
      <abbr title="Thursday">Th</abbr>
    </th>
    <th class="calendar_daynames calendar_day" scope="col">
      <abbr title="Friday">Fr</abbr>
    </th>
    <th class="calendar_daynames calendar_we" scope="col">
      <abbr title="Saturday">Sa</abbr>
    </th>
    <th class="calendar_daynames calendar_we" scope="col">
      <abbr title="Sunday">Su</abbr>
    </th>
  <tr>
  <tr>
    <td class="calendar_noday">
        <span></span>
  </td>
    <td class="calendar_noday">
        <span></span>
  </td>
    <td class="calendar_noday">
        <span></span>
  </td>
    <td class="calendar_noday">
        <span></span>
  </td>
    <td class="calendar_noday">
        <span></span>
  </td>
    <td class="calendar_noday">
        <span></span>
  </td>
    <td class="calendar_eventday calendar_we">
      <a href="/?Events&amp;month=1&amp;year=2023" aria-describedby="calendar_id_1")>
        <span>1</span>
        <span role="tooltip" id="calendar_id_1">Millenium 23 years</span>
      </a>
    </td>
  </tr>
  <tr>
    <td class="calendar_day">
        <span>2</span>
  </td>
    <td class="calendar_day">
        <span>3</span>
  </td>
    <td class="calendar_eventday calendar_day">
      <a href="/?Events&amp;month=1&amp;year=2023" aria-describedby="calendar_id_2")>
        <span>4</span>
        <span role="tooltip" id="calendar_id_2">12:00 pm - 1:00 pm Lunch break</span>
      </a>
    </td>
    <td class="calendar_day">
        <span>5</span>
  </td>
    <td class="calendar_day">
        <span>6</span>
  </td>
    <td class="calendar_eventday calendar_eventstart calendar_we">
      <a href="/?Events&amp;month=1&amp;year=2023" aria-describedby="calendar_id_3")>
        <span>7</span>
        <span role="tooltip" id="calendar_id_3">12:00 am Weekend till 1/8/2023 11:59 pm</span>
      </a>
    </td>
    <td class="calendar_eventday calendar_eventend calendar_we">
      <a href="/?Events&amp;month=1&amp;year=2023" aria-describedby="calendar_id_4")>
        <span>8</span>
        <span role="tooltip" id="calendar_id_4">12:00 am Weekend till 1/8/2023 11:59 pm</span>
      </a>
    </td>
  </tr>
  <tr>
    <td class="calendar_day">
        <span>9</span>
  </td>
    <td class="calendar_day">
        <span>10</span>
  </td>
    <td class="calendar_day">
        <span>11</span>
  </td>
    <td class="calendar_day">
        <span>12</span>
  </td>
    <td class="calendar_day">
        <span>13</span>
  </td>
    <td class="calendar_we">
        <span>14</span>
  </td>
    <td class="calendar_we">
        <span>15</span>
  </td>
  </tr>
  <tr>
    <td class="calendar_day">
        <span>16</span>
  </td>
    <td class="calendar_day">
        <span>17</span>
  </td>
    <td class="calendar_day">
        <span>18</span>
  </td>
    <td class="calendar_day">
        <span>19</span>
  </td>
    <td class="calendar_day">
        <span>20</span>
  </td>
    <td class="calendar_we">
        <span>21</span>
  </td>
    <td class="calendar_we">
        <span>22</span>
  </td>
  </tr>
  <tr>
    <td class="calendar_day">
        <span>23</span>
  </td>
    <td class="calendar_day">
        <span>24</span>
  </td>
    <td class="calendar_day">
        <span>25</span>
  </td>
    <td class="calendar_day">
        <span>26</span>
  </td>
    <td class="calendar_day">
        <span>27</span>
  </td>
    <td class="calendar_we">
        <span>28</span>
  </td>
    <td class="calendar_we">
        <span>29</span>
  </td>
  </tr>
  <tr>
    <td class="calendar_today calendar_day">
        <span>30</span>
  </td>
    <td class="calendar_day">
        <span>31</span>
  </td>
    <td class="calendar_noday">
        <span></span>
  </td>
    <td class="calendar_noday">
        <span></span>
  </td>
    <td class="calendar_noday">
        <span></span>
  </td>
    <td class="calendar_noday">
        <span></span>
  </td>
    <td class="calendar_noday">
        <span></span>
  </td>
  </tr>
</table>
</div>