
<table class="calendar_main calendar_big" role="presentation">
  <caption class="calendar_monthyear">
    <a href="/?page&amp;month=12&amp;year=2022" aria-labelledby="calendar_id_1">
      <span>◄</span>
      <span role="tooltip" id="calendar_id_1">Previous month</span>
    </a>
    <span>January 2023</span>
    <a href="/?page&amp;month=2&amp;year=2023" aria-labelledby="calendar_id_2">
      <span>►</span>
      <span role="tooltip" id="calendar_id_2">Next month</span>
    </a>
  </caption>
  <tr>
    <th class="calendar_daynames calendar_day" scope="col">Monday</th>
    <th class="calendar_daynames calendar_day" scope="col">Tuesday</th>
    <th class="calendar_daynames calendar_day" scope="col">Wednesday</th>
    <th class="calendar_daynames calendar_day" scope="col">Thursday</th>
    <th class="calendar_daynames calendar_day" scope="col">Friday</th>
    <th class="calendar_daynames calendar_we" scope="col">Saturday</th>
    <th class="calendar_daynames calendar_we" scope="col">Sunday</th>
  <tr>
  <tr>
    <td class="calendar_noday">
      <div>
        <span></span>
      </div>
    </td>
    <td class="calendar_noday">
      <div>
        <span></span>
      </div>
    </td>
    <td class="calendar_noday">
      <div>
        <span></span>
      </div>
    </td>
    <td class="calendar_noday">
      <div>
        <span></span>
      </div>
    </td>
    <td class="calendar_noday">
      <div>
        <span></span>
      </div>
    </td>
    <td class="calendar_noday">
      <div>
        <span></span>
      </div>
    </td>
    <td class="calendar_we">
      <div>
        <span>1</span>
        <a href="http://example.com/?&amp;function=calendar_event&amp;event_id=333&amp;calendar_occurrence=2023-01-01">Millenium</a>
      </div>
    </td>
  </tr>
  <tr>
    <td class="calendar_day">
      <div>
        <span>2</span>
      </div>
    </td>
    <td class="calendar_day">
      <div>
        <span>3</span>
      </div>
    </td>
    <td class="calendar_day">
      <div>
        <span>4</span>
        <a href="http://example.com/lunchbreak">Lunch break</a>
      </div>
    </td>
    <td class="calendar_day">
      <div>
        <span>5</span>
      </div>
    </td>
    <td class="calendar_day">
      <div>
        <span>6</span>
      </div>
    </td>
    <td class="calendar_we">
      <div>
        <span>7</span>
        <a href="http://example.com/?&amp;function=calendar_event&amp;event_id=222&amp;calendar_occurrence=2023-01-07">Weekend</a>
      </div>
    </td>
    <td class="calendar_we">
      <div>
        <span>8</span>
        <a href="http://example.com/?&amp;function=calendar_event&amp;event_id=222&amp;calendar_occurrence=2023-01-07">Weekend</a>
      </div>
    </td>
  </tr>
  <tr>
    <td class="calendar_day">
      <div>
        <span>9</span>
      </div>
    </td>
    <td class="calendar_day">
      <div>
        <span>10</span>
      </div>
    </td>
    <td class="calendar_day">
      <div>
        <span>11</span>
      </div>
    </td>
    <td class="calendar_day">
      <div>
        <span>12</span>
      </div>
    </td>
    <td class="calendar_day">
      <div>
        <span>13</span>
      </div>
    </td>
    <td class="calendar_we">
      <div>
        <span>14</span>
      </div>
    </td>
    <td class="calendar_we">
      <div>
        <span>15</span>
      </div>
    </td>
  </tr>
  <tr>
    <td class="calendar_day">
      <div>
        <span>16</span>
      </div>
    </td>
    <td class="calendar_day">
      <div>
        <span>17</span>
      </div>
    </td>
    <td class="calendar_day">
      <div>
        <span>18</span>
      </div>
    </td>
    <td class="calendar_day">
      <div>
        <span>19</span>
      </div>
    </td>
    <td class="calendar_day">
      <div>
        <span>20</span>
      </div>
    </td>
    <td class="calendar_we">
      <div>
        <span>21</span>
      </div>
    </td>
    <td class="calendar_we">
      <div>
        <span>22</span>
      </div>
    </td>
  </tr>
  <tr>
    <td class="calendar_day">
      <div>
        <span>23</span>
      </div>
    </td>
    <td class="calendar_day">
      <div>
        <span>24</span>
      </div>
    </td>
    <td class="calendar_day">
      <div>
        <span>25</span>
      </div>
    </td>
    <td class="calendar_day">
      <div>
        <span>26</span>
      </div>
    </td>
    <td class="calendar_day">
      <div>
        <span>27</span>
      </div>
    </td>
    <td class="calendar_we">
      <div>
        <span>28</span>
      </div>
    </td>
    <td class="calendar_we">
      <div>
        <span>29</span>
      </div>
    </td>
  </tr>
  <tr>
    <td class="calendar_today calendar_day">
      <div>
        <span>30</span>
      </div>
    </td>
    <td class="calendar_day">
      <div>
        <span>31</span>
      </div>
    </td>
    <td class="calendar_noday">
      <div>
        <span></span>
      </div>
    </td>
    <td class="calendar_noday">
      <div>
        <span></span>
      </div>
    </td>
    <td class="calendar_noday">
      <div>
        <span></span>
      </div>
    </td>
    <td class="calendar_noday">
      <div>
        <span></span>
      </div>
    </td>
    <td class="calendar_noday">
      <div>
        <span></span>
      </div>
    </td>
  </tr>
</table>
