
<script type="module" src="/js/overview.js?&amp;v=2.5"></script>
<form method="get" class="calendar_overview">
  <input type="hidden" name="selected" value="calendar">
  <input type="hidden" name="admin" value="plugin_main">
  <p>
    <button name="action" value="create">New</button>
    <button name="action" value="update">Edit</button>
    <button name="action" value="delete">Delete</button>
  </p>
  <table>
    <tr>
      <td>2023-01-04</td>
      <td>2023-01-04</td>
      <td>Lunch break</td>
      <td><input type="radio" name="event_id" value="111"></td>
    </tr>
  </table>
</form>
