
<form method="post" class="calendar_input">
  <p>
    <label>
      <span>Summary</span>
      <input type="text" value="Christmas" disabled>
    </label>
  </p>
  <p>
    <label>
      <span>Start Date</span>
      <input type="date" value="2020-12-25" disabled>
    </label>
  </p>
  <p>
    <label>
      <span>Recur</span>
      <input type="text" value="yearly" disabled>
    </label>
  </p>
  <p>
    <label>
      <span>Occurrence</span>
      <input type="date" name="editdate" value="2025-12-25" min="2020-12-25" max="">
    </label>
  </p>
  <p class="calendar_buttons">
    <button name="calendar_do">Edit single occurrence</button>
  </p>
  <input type="hidden" name="calendar_token" value="42881056d048537da0e061f7f672854b">
</form>
