
<form method="post" class="calendar_input">
  <p class="xh_info">There is one event without ID.</p>
  <p>Do you want to generate the missing IDs?</p>
  <p class="calendar_buttons">
    <button name="calendar_do">Generate IDs</button>
  </p>
  <input type="hidden" name="calendar_token" value="42881056d048537da0e061f7f672854b">
</form>
