
<article class="calendar_event">
  <h1>Lunch break</h1>
  <p class="event_date_time"><span class="event_date">1/4/2023</span> <span class="event_time">12:00 pm</span> - <span class="event_time">1:00 pm</span></p>
  <p class="event_location">whereever I am</p>
  <div class="event_description">Tips for lunch breaks</div>
  <script type="application/ld+json">{"@context":"https://schema.org","@type":"Event","name":"Lunch break","startDate":"2023-01-04T12:0000","duration":"P0DT1H0M","url":"http://example.com/?&function=calendar_event&event_id=111","location":"whereever I am","description":"Tips for lunch breaks"}</script>
</article>
