
<table class="calendar_eventlist">
  <caption class="period_of_events">Events in the period from <span>January 2023</span> till <span>December 2023</span></caption>
  <tr>
    <th class="event_monthyear" colspan="5">January 2023</th>
  </tr>
  <tr class="event_heading_row">
    <th class="event_heading event_date">Date</th>
    <th class="event_heading event_time">Time</th>
    <th class="event_heading event_summary">Summary</th>
    <th class="event_heading event_location">Location</th>
    <th class="event_heading event_link">Link etc.</th>
  </tr>
  <tr class="event_data_row past_event">
    <td class="event_data event_date">1/4/2023</td>
    <td class="event_data event_time"><span>12:00 pm</span> - <span>1:00 pm</span></td>
    <td class="event_data event_summary">Lunch break</td>
    <td class="event_data event_location">whereever I am</td>
    <td class="event_data event_link"><a href="http://example.com/lunchbreak">Tips for lunch breaks</a></td>
  </tr>
  <tr>
    <th class="event_monthyear" colspan="5">March 2023</th>
  </tr>
  <tr class="event_heading_row">
    <th class="event_heading event_date">Date</th>
    <th class="event_heading event_time">Time</th>
    <th class="event_heading event_summary">Summary</th>
    <th class="event_heading event_location">Location</th>
    <th class="event_heading event_link">Link etc.</th>
  </tr>
  <tr class="birthday_data_row">
    <td class="event_data event_date">3/24/2023</td>
    <td class="event_data event_time"></td>
    <td class="event_data event_summary">Christoph M. Becker 54 years</td>
    <td class="event_data event_location">Birthday</td>
    <td class="event_data event_link"></td>
  </tr>
  <tr>
    <th class="event_monthyear" colspan="5">April 2023</th>
  </tr>
  <tr class="event_heading_row">
    <th class="event_heading event_date">Date</th>
    <th class="event_heading event_time">Time</th>
    <th class="event_heading event_summary">Summary</th>
    <th class="event_heading event_location">Location</th>
    <th class="event_heading event_link">Link etc.</th>
  </tr>
  <tr class="event_data_row ">
    <td class="event_data event_date"><span>4/9/2023</span> till <span>4/10/2023</span></td>
    <td class="event_data event_time"></td>
    <td class="event_data event_summary">Easter</td>
    <td class="event_data event_location">almost everywhere</td>
    <td class="event_data event_link"></td>
  </tr>
</table>
