
<table class="calendar_eventlist">
  <caption class="period_of_events">Events in the period from <span></span> till <span></span></caption>
  <tr>
    <th class="event_monthyear" colspan="5"></th>
  </tr>
  <tr class="event_heading_row">
    <th class="event_heading event_date">Date</th>
    <th class="event_heading event_time">Time</th>
    <th class="event_heading event_summary">Summary</th>
    <th class="event_heading event_location">Location</th>
    <th class="event_heading event_link">Link etc.</th>
  </tr>
  <tr class="event_data_row past_event">
    <td class="event_data event_date"></td>
    <td class="event_data event_time"></td>
    <td class="event_data event_summary">Lunch break</td>
    <td class="event_data event_location">whereever I am</td>
    <td class="event_data event_link"><a href="http://example.com/lunchbreak" target="_blank" title="Lunch break">Tips for lunch breaks</a></td>
  </tr>
  <tr>
    <th class="event_monthyear" colspan="5"></th>
  </tr>
  <tr class="event_heading_row">
    <th class="event_heading event_date">Date</th>
    <th class="event_heading event_time">Time</th>
    <th class="event_heading event_summary">Summary</th>
    <th class="event_heading event_location">Location</th>
    <th class="event_heading event_link">Link etc.</th>
  </tr>
  <tr class="birthday_data_row">
    <td class="event_data event_date"></td>
    <td class="event_data event_time"></td>
    <td class="event_data event_summary">Christoph M. Becker 54 years</td>
    <td class="event_data event_location">Birthday</td>
    <td class="event_data event_link"></td>
  </tr>
  <tr>
    <th class="event_monthyear" colspan="5"></th>
  </tr>
  <tr class="event_heading_row">
    <th class="event_heading event_date">Date</th>
    <th class="event_heading event_time">Time</th>
    <th class="event_heading event_summary">Summary</th>
    <th class="event_heading event_location">Location</th>
    <th class="event_heading event_link">Link etc.</th>
  </tr>
  <tr class="event_data_row ">
    <td class="event_data event_date"> till </td>
    <td class="event_data event_time"></td>
    <td class="event_data event_summary">Easter</td>
    <td class="event_data event_location">almost everywhere</td>
    <td class="event_data event_link"></td>
  </tr>
</table>
