
<p class="period_of_events">Events in the period from <span>January 2023</span> till <span>December 2023</span></p>
<figure>
  <figcaption class="event_monthyear">January 2023</figcaption>
  <ol class="calendar_eventlist">
      <li class="event_data_row past_event" itemprop="event" itemscope itemtype="https://schema.org/Event">
      <p class="event_data">
        <meta itemprop="startDate" content="2023-01-04T12:0000">
        <meta itemprop="endDate" content="2023-01-04T13:0000">
        <span class="event_date">1/4/2023</span>
        <span class="event_time">12:00 pm - 1:00 pm</span>
      </p>
      <p class="event_data event_summary" itemprop="name">Lunch break</p>
      <p class="event_data event_location" itemprop="location">whereever I am</p>
      <p class="event_data event_link" itemprop="url"><a href="http://example.com/lunchbreak" target="_blank" title="Lunch break">Tips for lunch breaks</a></p>
    </li>
<figure>
  <figcaption class="event_monthyear">March 2023</figcaption>
  <ol class="calendar_eventlist">
    <li class="birthday_data_row" itemprop="event" itemscope itemtype="https://schema.org/Event">
      <p class="event_data">
        <meta itemprop="startDate" content="2023-03-24">
        <meta itemprop="endDate" content="2023-03-24">
        <span class="event_date">3/24/2023</span>
        <span class="event_time"></span>
      </p>
      <p class="event_data event_summary" itemprop="name">Christoph M. Becker 54 years</p>
      <p class="event_data event_location">Birthday</p>
      <p class="event_data event_link" itemprop="url"></p>
    </li>
<figure>
  <figcaption class="event_monthyear">April 2023</figcaption>
  <ol class="calendar_eventlist">
      <li class="event_data_row " itemprop="event" itemscope itemtype="https://schema.org/Event">
      <p class="event_data">
        <meta itemprop="startDate" content="2023-04-09">
        <meta itemprop="endDate" content="2023-04-10">
        <span class="event_date">4/9/2023 till 4/10/2023</span>
        <span class="event_time"></span>
      </p>
      <p class="event_data event_summary" itemprop="name">Easter</p>
      <p class="event_data event_location" itemprop="location">almost everywhere</p>
      <p class="event_data event_link" itemprop="url"></p>
    </li>
  </ol>
</figure>
