
<div class="calendar_import">
  <h1>Calendar â€“ Import/Export</h1>
  <p class="xh_info">2 events could not be imported!</p>
  <form action="/?calendar&amp;admin=import_export&amp;action=import" method="POST">
    <fieldset>
      <legend>Import</legend>
      <button name="calendar_ics" value="cal1.ics">cal1.ics</button>
      <button name="calendar_ics" value="cal2.ics">cal2.ics</button>
    </fieldset>
    <fieldset>
      <legend>Export</legend>
      <button formaction="/?calendar&amp;admin=import_export&amp;action=export" name="calendar_ics" value="calendar.ics">calendar.ics</button>
    </fieldset>
  </form>
</div>
