
<h1>Calendar 2.6-dev</h1>
<div class="calendar_syscheck">
  <h2>System check</h2>
  <p class="xh_success">Checking that PHP version ≥ 7.0.0 … okay</p>
  <p class="xh_success">Checking that CMSimple_XH version ≥ 1.7.0 … okay</p>
  <p class="xh_success">Checking that './css/' is writable … okay</p>
  <p class="xh_success">Checking that './config/' is writable … okay</p>
  <p class="xh_success">Checking that './languages/' is writable … okay</p>
  <p class="xh_success">Checking that './content/calendar/calendar.csv' is writable … okay</p>
</div>
