
<div class="nextevent_date">
  till 4/21/2025</div>
<div class="calendar_marquee_outer ">
  <div class="calendar_marquee">
    <div class="nextevent_event">easter</div>
    <div class="nextevent_date">Event started:</div>
    <div class="nextevent_date">4/20/2025</div>
    <div class="nextevent_location"></div>
  </div>
</div>
