
<div class="nextevent_date">
  4/16/2025 10:45 pm</div>
<div class="calendar_marquee_outer ">
  <div class="calendar_marquee">
    <div class="nextevent_event">#INTFCB</div>
    <div class="nextevent_date">Event started:</div>
    <div class="nextevent_date">4/16/2025 9:00 pm</div>
    <div class="nextevent_location">Guiseppe-Meazza-Stadion</div>
  </div>
</div>
