04.03.2025,04.03.2025,13:00;Lunch Break;here;http://example.com/,Lunch break tips;12:00
05.03.2025;Calendar_XH Release;Wonderland;int:Start;
06.03.1950;Schorsch;###;ext:example.com/Schorsch;